****************************************************************************
* hwloc 2.13.0 received invalid information.
*
* Failed with error: intersection without inclusion
* while inserting Group0 (P#16 subtype Cluster groupkind 222-0 cpuset 0x00000f00)
* at L1d (P#16 cpuset 0x00000104)
* coming from: linux:sysfs:cluster
*
* The following FAQ entry in the hwloc documentation may help:
*   What should I do when hwloc reports "operating system" warnings?
* Otherwise please report this error message to the hwloc user's mailing list,
* along with the files generated by the hwloc-gather-topology script.
* 
* hwloc will now ignore this invalid topology information and continue.
****************************************************************************
[Diogo][[57958,1],1][btl_tcp_proc.c:266:mca_btl_tcp_proc_create_interface_graph] Unable to find reachable pairing between local and remote interfaces
[Diogo][[57958,1],1][btl_tcp_proc.c:266:mca_btl_tcp_proc_create_interface_graph] [Diogo][[57958,1],6][btl_tcp_proc.c:266:mca_btl_tcp_proc_create_interface_graph] Unable to find reachable pairing between local and remote interfaces
[Diogo][[57958,1],6][btl_tcp_proc.c:266:mca_btl_tcp_proc_create_interface_graph] Unable to find reachable pairing between local and remote interfaces
[Diogo][[57958,1],2][btl_tcp_proc.c:266:mca_btl_tcp_proc_create_interface_graph] Unable to find reachable pairing between local and remote interfaces
[Diogo][[57958,1],2][btl_tcp_proc.c:266:mca_btl_tcp_proc_create_interface_graph] Unable to find reachable pairing between local and remote interfaces
[Diogo][[57958,1],2][btl_tcp_proc.c:266:mca_btl_tcp_proc_create_interface_graph] Unable to find reachable pairing between local and remote interfaces
Unable to find reachable pairing between local and remote interfaces
[Diogo][[57958,1],1][btl_tcp_proc.c:266:mca_btl_tcp_proc_create_interface_graph] Unable to find reachable pairing between local and remote interfaces
[Diogo][[57958,1],6][btl_tcp_proc.c:266:mca_btl_tcp_proc_create_interface_graph] Unable to find reachable pairing between local and remote interfaces
[Diogo][[57958,1],1][btl_tcp_proc.c:266:mca_btl_tcp_proc_create_interface_graph] Unable to find reachable pairing between local and remote interfaces
[Diogo][[57958,1],6][btl_tcp_proc.c:266:mca_btl_tcp_proc_create_interface_graph] Unable to find reachable pairing between local and remote interfaces
[Diogo][[57958,1],2][btl_tcp_proc.c:266:mca_btl_tcp_proc_create_interface_graph] Unable to find reachable pairing between local and remote interfaces
[Diogo][[57958,1],1][btl_tcp_proc.c:266:mca_btl_tcp_proc_create_interface_graph] Unable to find reachable pairing between local and remote interfaces
[Diogo][[57958,1],1][btl_tcp_proc.c:266:mca_btl_tcp_proc_create_interface_graph] Unable to find reachable pairing between local and remote interfaces
[Diogo][[57958,1],1][btl_tcp_proc.c:266:mca_btl_tcp_proc_create_interface_graph] Unable to find reachable pairing between local and remote interfaces
[Diogo][[57958,1],6][btl_tcp_proc.c:266:mca_btl_tcp_proc_create_interface_graph] Unable to find reachable pairing between local and remote interfaces
[Diogo][[57958,1],6][btl_tcp_proc.c:266:mca_btl_tcp_proc_create_interface_graph] Unable to find reachable pairing between local and remote interfaces
[Diogo][[57958,1],6][btl_tcp_proc.c:266:mca_btl_tcp_proc_create_interface_graph] Unable to find reachable pairing between local and remote interfaces
[Diogo][[57958,1],2][btl_tcp_proc.c:266:mca_btl_tcp_proc_create_interface_graph] Unable to find reachable pairing between local and remote interfaces
[Diogo][[57958,1],2][btl_tcp_proc.c:266:mca_btl_tcp_proc_create_interface_graph] Unable to find reachable pairing between local and remote interfaces
[Diogo][[57958,1],2][btl_tcp_proc.c:266:mca_btl_tcp_proc_create_interface_graph] Unable to find reachable pairing between local and remote interfaces
[Diogo][[57958,1],1][btl_tcp_proc.c:266:mca_btl_tcp_proc_create_interface_graph] Unable to find reachable pairing between local and remote interfaces
[Diogo][[57958,1],6][btl_tcp_proc.c:266:mca_btl_tcp_proc_create_interface_graph] Unable to find reachable pairing between local and remote interfaces
[Diogo][[57958,1],2][btl_tcp_proc.c:266:mca_btl_tcp_proc_create_interface_graph] Unable to find reachable pairing between local and remote interfaces
[Diogo][[57958,1],1][btl_tcp_proc.c:266:mca_btl_tcp_proc_create_interface_graph] Unable to find reachable pairing between local and remote interfaces
[Diogo][[57958,1],1][btl_tcp_proc.c:266:mca_btl_tcp_proc_create_interface_graph] Unable to find reachable pairing between local and remote interfaces
[Diogo][[57958,1],1][btl_tcp_proc.c:266:mca_btl_tcp_proc_create_interface_graph] Unable to find reachable pairing between local and remote interfaces
[Diogo][[57958,1],1][btl_tcp_proc.c:266:mca_btl_tcp_proc_create_interface_graph] Unable to find reachable pairing between local and remote interfaces
[Diogo][[57958,1],6][btl_tcp_proc.c:266:mca_btl_tcp_proc_create_interface_graph] Unable to find reachable pairing between local and remote interfaces
[Diogo][[57958,1],6][btl_tcp_proc.c:266:mca_btl_tcp_proc_create_interface_graph] Unable to find reachable pairing between local and remote interfaces
[Diogo][[57958,1],6][btl_tcp_proc.c:266:mca_btl_tcp_proc_create_interface_graph] Unable to find reachable pairing between local and remote interfaces
[Diogo][[57958,1],6][btl_tcp_proc.c:266:mca_btl_tcp_proc_create_interface_graph] Unable to find reachable pairing between local and remote interfaces
[Diogo][[57958,1],2][btl_tcp_proc.c:266:mca_btl_tcp_proc_create_interface_graph] Unable to find reachable pairing between local and remote interfaces
[Diogo][[57958,1],2][btl_tcp_proc.c:266:mca_btl_tcp_proc_create_interface_graph] Unable to find reachable pairing between local and remote interfaces
[Diogo][[57958,1],2][btl_tcp_proc.c:266:mca_btl_tcp_proc_create_interface_graph] Unable to find reachable pairing between local and remote interfaces
[Diogo][[57958,1],2][btl_tcp_proc.c:266:mca_btl_tcp_proc_create_interface_graph] Unable to find reachable pairing between local and remote interfaces
[Diogo][[57958,1],0][btl_tcp_proc.c:266:mca_btl_tcp_proc_create_interface_graph] Unable to find reachable pairing between local and remote interfaces
[Diogo][[57958,1],6][btl_tcp_proc.c:266:mca_btl_tcp_proc_create_interface_graph] Unable to find reachable pairing between local and remote interfaces
[Diogo][[57958,1],1][btl_tcp_proc.c:266:mca_btl_tcp_proc_create_interface_graph] Unable to find reachable pairing between local and remote interfaces
[Diogo][[57958,1],2][btl_tcp_proc.c:266:mca_btl_tcp_proc_create_interface_graph] Unable to find reachable pairing between local and remote interfaces
[Diogo][[57958,1],6][btl_tcp_proc.c:266:mca_btl_tcp_proc_create_interface_graph] Unable to find reachable pairing between local and remote interfaces
[Diogo][[57958,1],1][btl_tcp_proc.c:266:mca_btl_tcp_proc_create_interface_graph] Unable to find reachable pairing between local and remote interfaces
[Diogo][[57958,1],1][btl_tcp_proc.c:266:mca_btl_tcp_proc_create_interface_graph] Unable to find reachable pairing between local and remote interfaces
[Diogo][[57958,1],2][btl_tcp_proc.c:266:mca_btl_tcp_proc_create_interface_graph] Unable to find reachable pairing between local and remote interfaces
[Diogo][[57958,1],2][btl_tcp_proc.c:266:mca_btl_tcp_proc_create_interface_graph] Unable to find reachable pairing between local and remote interfaces
[Diogo][[57958,1],0][btl_tcp_proc.c:266:mca_btl_tcp_proc_create_interface_graph] Unable to find reachable pairing between local and remote interfaces
[Diogo][[57958,1],0][btl_tcp_proc.c:266:mca_btl_tcp_proc_create_interface_graph] Unable to find reachable pairing between local and remote interfaces
[Diogo][[57958,1],6][btl_tcp_proc.c:266:mca_btl_tcp_proc_create_interface_graph] Unable to find reachable pairing between local and remote interfaces
[Diogo][[57958,1],6][btl_tcp_proc.c:266:mca_btl_tcp_proc_create_interface_graph] Unable to find reachable pairing between local and remote interfaces
[Diogo][[57958,1],1][btl_tcp_proc.c:266:mca_btl_tcp_proc_create_interface_graph] Unable to find reachable pairing between local and remote interfaces
[Diogo][[57958,1],2][btl_tcp_proc.c:266:mca_btl_tcp_proc_create_interface_graph] Unable to find reachable pairing between local and remote interfaces
[Diogo][[57958,1],0][btl_tcp_proc.c:266:mca_btl_tcp_proc_create_interface_graph] Unable to find reachable pairing between local and remote interfaces
[Diogo][[57958,1],1][btl_tcp_proc.c:266:mca_btl_tcp_proc_create_interface_graph] Unable to find reachable pairing between local and remote interfaces
[Diogo][[57958,1],6][btl_tcp_proc.c:266:mca_btl_tcp_proc_create_interface_graph] Unable to find reachable pairing between local and remote interfaces
[Diogo][[57958,1],2][btl_tcp_proc.c:266:mca_btl_tcp_proc_create_interface_graph] Unable to find reachable pairing between local and remote interfaces
[Diogo][[57958,1],0][btl_tcp_proc.c:266:mca_btl_tcp_proc_create_interface_graph] Unable to find reachable pairing between local and remote interfaces
[Diogo][[57958,1],1][btl_tcp_proc.c:266:mca_btl_tcp_proc_create_interface_graph] Unable to find reachable pairing between local and remote interfaces
[Diogo][[57958,1],6][btl_tcp_proc.c:266:mca_btl_tcp_proc_create_interface_graph] Unable to find reachable pairing between local and remote interfaces
[Diogo][[57958,1],2][btl_tcp_proc.c:266:mca_btl_tcp_proc_create_interface_graph] Unable to find reachable pairing between local and remote interfaces
[Diogo][[57958,1],0][btl_tcp_proc.c:266:mca_btl_tcp_proc_create_interface_graph] Unable to find reachable pairing between local and remote interfaces
[Diogo][[57958,1],1][btl_tcp_proc.c:266:mca_btl_tcp_proc_create_interface_graph] Unable to find reachable pairing between local and remote interfaces
[Diogo][[57958,1],2][btl_tcp_proc.c:266:mca_btl_tcp_proc_create_interface_graph] Unable to find reachable pairing between local and remote interfaces
[Diogo][[57958,1],6][btl_tcp_proc.c:266:mca_btl_tcp_proc_create_interface_graph] Unable to find reachable pairing between local and remote interfaces
[Diogo][[57958,1],0][btl_tcp_proc.c:266:mca_btl_tcp_proc_create_interface_graph] Unable to find reachable pairing between local and remote interfaces
[Diogo][[57958,1],0][btl_tcp_proc.c:266:mca_btl_tcp_proc_create_interface_graph] Unable to find reachable pairing between local and remote interfaces
[Diogo][[57958,1],0][btl_tcp_proc.c:266:mca_btl_tcp_proc_create_interface_graph] Unable to find reachable pairing between local and remote interfaces
[Diogo][[57958,1],0][btl_tcp_proc.c:266:mca_btl_tcp_proc_create_interface_graph] Unable to find reachable pairing between local and remote interfaces
[Diogo][[57958,1],0][btl_tcp_proc.c:266:mca_btl_tcp_proc_create_interface_graph] Unable to find reachable pairing between local and remote interfaces
[Diogo][[57958,1],0][btl_tcp_proc.c:266:mca_btl_tcp_proc_create_interface_graph] Unable to find reachable pairing between local and remote interfaces
[Diogo][[57958,1],0][btl_tcp_proc.c:266:mca_btl_tcp_proc_create_interface_graph] Unable to find reachable pairing between local and remote interfaces
[Diogo][[57958,1],0][btl_tcp_proc.c:266:mca_btl_tcp_proc_create_interface_graph] Unable to find reachable pairing between local and remote interfaces
[Diogo][[57958,1],0][btl_tcp_proc.c:266:mca_btl_tcp_proc_create_interface_graph] Unable to find reachable pairing between local and remote interfaces
[Diogo][[57958,1],0][btl_tcp_proc.c:266:mca_btl_tcp_proc_create_interface_graph] Unable to find reachable pairing between local and remote interfaces
[Diogo][[57958,1],0][btl_tcp_proc.c:266:mca_btl_tcp_proc_create_interface_graph] Unable to find reachable pairing between local and remote interfaces
[Diogo][[57958,1],0][btl_tcp_proc.c:266:mca_btl_tcp_proc_create_interface_graph] Unable to find reachable pairing between local and remote interfaces
[Diogo][[57958,1],0][btl_tcp_proc.c:266:mca_btl_tcp_proc_create_interface_graph] Unable to find reachable pairing between local and remote interfaces
[Diogo][[57958,1],18][btl_tcp_proc.c:266:mca_btl_tcp_proc_create_interface_graph] Unable to find reachable pairing between local and remote interfaces
[Diogo][[57958,1],18][btl_tcp_proc.c:266:mca_btl_tcp_proc_create_interface_graph] Unable to find reachable pairing between local and remote interfaces
[Diogo][[57958,1],18][btl_tcp_proc.c:266:mca_btl_tcp_proc_create_interface_graph] Unable to find reachable pairing between local and remote interfaces
[Diogo][[57958,1],18][btl_tcp_proc.c:266:mca_btl_tcp_proc_create_interface_graph] Unable to find reachable pairing between local and remote interfaces
[Diogo][[57958,1],18][btl_tcp_proc.c:266:mca_btl_tcp_proc_create_interface_graph] Unable to find reachable pairing between local and remote interfaces
[Diogo][[57958,1],18][btl_tcp_proc.c:266:mca_btl_tcp_proc_create_interface_graph] Unable to find reachable pairing between local and remote interfaces
[Diogo][[57958,1],18][btl_tcp_proc.c:266:mca_btl_tcp_proc_create_interface_graph] Unable to find reachable pairing between local and remote interfaces
[Diogo][[57958,1],18][btl_tcp_proc.c:266:mca_btl_tcp_proc_create_interface_graph] Unable to find reachable pairing between local and remote interfaces
[Diogo][[57958,1],18][btl_tcp_proc.c:266:mca_btl_tcp_proc_create_interface_graph] Unable to find reachable pairing between local and remote interfaces
[Diogo][[57958,1],18][btl_tcp_proc.c:266:mca_btl_tcp_proc_create_interface_graph] Unable to find reachable pairing between local and remote interfaces
[Diogo][[57958,1],18][btl_tcp_proc.c:266:mca_btl_tcp_proc_create_interface_graph] Unable to find reachable pairing between local and remote interfaces
[Diogo][[57958,1],18][btl_tcp_proc.c:266:mca_btl_tcp_proc_create_interface_graph] Unable to find reachable pairing between local and remote interfaces
[Diogo][[57958,1],18][btl_tcp_proc.c:266:mca_btl_tcp_proc_create_interface_graph] Unable to find reachable pairing between local and remote interfaces
[Diogo][[57958,1],18][btl_tcp_proc.c:266:mca_btl_tcp_proc_create_interface_graph] Unable to find reachable pairing between local and remote interfaces
[Diogo][[57958,1],16][btl_tcp_proc.c:266:mca_btl_tcp_proc_create_interface_graph] Unable to find reachable pairing between local and remote interfaces
[Diogo][[57958,1],18][btl_tcp_proc.c:266:mca_btl_tcp_proc_create_interface_graph] Unable to find reachable pairing between local and remote interfaces
[Diogo][[57958,1],18][btl_tcp_proc.c:266:mca_btl_tcp_proc_create_interface_graph] Unable to find reachable pairing between local and remote interfaces
[Diogo][[57958,1],16][btl_tcp_proc.c:266:mca_btl_tcp_proc_create_interface_graph] Unable to find reachable pairing between local and remote interfaces
[Diogo][[57958,1],18][btl_tcp_proc.c:266:mca_btl_tcp_proc_create_interface_graph] Unable to find reachable pairing between local and remote interfaces
[Diogo][[57958,1],16][btl_tcp_proc.c:266:mca_btl_tcp_proc_create_interface_graph] Unable to find reachable pairing between local and remote interfaces
[Diogo][[57958,1],18][btl_tcp_proc.c:266:mca_btl_tcp_proc_create_interface_graph] Unable to find reachable pairing between local and remote interfaces
[Diogo][[57958,1],16][btl_tcp_proc.c:266:mca_btl_tcp_proc_create_interface_graph] Unable to find reachable pairing between local and remote interfaces
[Diogo][[57958,1],18][btl_tcp_proc.c:266:mca_btl_tcp_proc_create_interface_graph] Unable to find reachable pairing between local and remote interfaces
[Diogo][[57958,1],16][btl_tcp_proc.c:266:mca_btl_tcp_proc_create_interface_graph] Unable to find reachable pairing between local and remote interfaces
[Diogo][[57958,1],16][btl_tcp_proc.c:266:mca_btl_tcp_proc_create_interface_graph] Unable to find reachable pairing between local and remote interfaces
[Diogo][[57958,1],16][btl_tcp_proc.c:266:mca_btl_tcp_proc_create_interface_graph] Unable to find reachable pairing between local and remote interfaces
[Diogo][[57958,1],9][btl_tcp_proc.c:266:mca_btl_tcp_proc_create_interface_graph] Unable to find reachable pairing between local and remote interfaces
[Diogo][[57958,1],16][btl_tcp_proc.c:266:mca_btl_tcp_proc_create_interface_graph] Unable to find reachable pairing between local and remote interfaces
[Diogo][[57958,1],5][btl_tcp_proc.c:266:mca_btl_tcp_proc_create_interface_graph] Unable to find reachable pairing between local and remote interfaces
[Diogo][[57958,1],9][btl_tcp_proc.c:266:mca_btl_tcp_proc_create_interface_graph] Unable to find reachable pairing between local and remote interfaces
[Diogo][[57958,1],16][btl_tcp_proc.c:266:mca_btl_tcp_proc_create_interface_graph] Unable to find reachable pairing between local and remote interfaces
[Diogo][[57958,1],9][btl_tcp_proc.c:266:mca_btl_tcp_proc_create_interface_graph] Unable to find reachable pairing between local and remote interfaces
[Diogo][[57958,1],5][btl_tcp_proc.c:266:mca_btl_tcp_proc_create_interface_graph] Unable to find reachable pairing between local and remote interfaces
[Diogo][[57958,1],16][btl_tcp_proc.c:266:mca_btl_tcp_proc_create_interface_graph] Unable to find reachable pairing between local and remote interfaces
[Diogo][[57958,1],9][btl_tcp_proc.c:266:mca_btl_tcp_proc_create_interface_graph] Unable to find reachable pairing between local and remote interfaces
[Diogo][[57958,1],8][btl_tcp_proc.c:266:mca_btl_tcp_proc_create_interface_graph] Unable to find reachable pairing between local and remote interfaces
[Diogo][[57958,1],5][btl_tcp_proc.c:266:mca_btl_tcp_proc_create_interface_graph] Unable to find reachable pairing between local and remote interfaces
[Diogo][[57958,1],16][btl_tcp_proc.c:266:mca_btl_tcp_proc_create_interface_graph] Unable to find reachable pairing between local and remote interfaces
[Diogo][[57958,1],8][btl_tcp_proc.c:266:mca_btl_tcp_proc_create_interface_graph] Unable to find reachable pairing between local and remote interfaces
[Diogo][[57958,1],5][btl_tcp_proc.c:266:mca_btl_tcp_proc_create_interface_graph] Unable to find reachable pairing between local and remote interfaces
[Diogo][[57958,1],16][btl_tcp_proc.c:266:mca_btl_tcp_proc_create_interface_graph] Unable to find reachable pairing between local and remote interfaces
[Diogo][[57958,1],8][btl_tcp_proc.c:266:mca_btl_tcp_proc_create_interface_graph] Unable to find reachable pairing between local and remote interfaces
[Diogo][[57958,1],5][btl_tcp_proc.c:266:mca_btl_tcp_proc_create_interface_graph] Unable to find reachable pairing between local and remote interfaces
[Diogo][[57958,1],5][btl_tcp_proc.c:266:mca_btl_tcp_proc_create_interface_graph] Unable to find reachable pairing between local and remote interfaces
[Diogo][[57958,1],5][btl_tcp_proc.c:266:mca_btl_tcp_proc_create_interface_graph] Unable to find reachable pairing between local and remote interfaces
[Diogo][[57958,1],5][btl_tcp_proc.c:266:mca_btl_tcp_proc_create_interface_graph] Unable to find reachable pairing between local and remote interfaces
[Diogo][[57958,1],5][btl_tcp_proc.c:266:mca_btl_tcp_proc_create_interface_graph] Unable to find reachable pairing between local and remote interfaces
[Diogo][[57958,1],8][btl_tcp_proc.c:266:mca_btl_tcp_proc_create_interface_graph] Unable to find reachable pairing between local and remote interfaces
[Diogo][[57958,1],8][btl_tcp_proc.c:266:mca_btl_tcp_proc_create_interface_graph] Unable to find reachable pairing between local and remote interfaces
[Diogo][[57958,1],8][btl_tcp_proc.c:266:mca_btl_tcp_proc_create_interface_graph] Unable to find reachable pairing between local and remote interfaces
[Diogo][[57958,1],8][btl_tcp_proc.c:266:mca_btl_tcp_proc_create_interface_graph] Unable to find reachable pairing between local and remote interfaces
[Diogo][[57958,1],8][btl_tcp_proc.c:266:mca_btl_tcp_proc_create_interface_graph] Unable to find reachable pairing between local and remote interfaces
[Diogo][[57958,1],8][btl_tcp_proc.c:266:mca_btl_tcp_proc_create_interface_graph] Unable to find reachable pairing between local and remote interfaces
[Diogo][[57958,1],9][btl_tcp_proc.c:266:mca_btl_tcp_proc_create_interface_graph] Unable to find reachable pairing between local and remote interfaces
[Diogo][[57958,1],9][btl_tcp_proc.c:266:mca_btl_tcp_proc_create_interface_graph] Unable to find reachable pairing between local and remote interfaces
[Diogo][[57958,1],9][btl_tcp_proc.c:266:mca_btl_tcp_proc_create_interface_graph] Unable to find reachable pairing between local and remote interfaces
[Diogo][[57958,1],16][btl_tcp_proc.c:266:mca_btl_tcp_proc_create_interface_graph] Unable to find reachable pairing between local and remote interfaces
[Diogo][[57958,1],16][btl_tcp_proc.c:266:mca_btl_tcp_proc_create_interface_graph] Unable to find reachable pairing between local and remote interfaces
[Diogo][[57958,1],16][btl_tcp_proc.c:266:mca_btl_tcp_proc_create_interface_graph] Unable to find reachable pairing between local and remote interfaces
[Diogo][[57958,1],16][btl_tcp_proc.c:266:mca_btl_tcp_proc_create_interface_graph] Unable to find reachable pairing between local and remote interfaces
[Diogo][[57958,1],16][btl_tcp_proc.c:266:mca_btl_tcp_proc_create_interface_graph] Unable to find reachable pairing between local and remote interfaces
[Diogo][[57958,1],12][btl_tcp_proc.c:266:mca_btl_tcp_proc_create_interface_graph] Unable to find reachable pairing between local and remote interfaces
[Diogo][[57958,1],12][btl_tcp_proc.c:266:mca_btl_tcp_proc_create_interface_graph] Unable to find reachable pairing between local and remote interfaces
[Diogo][[57958,1],9][btl_tcp_proc.c:266:mca_btl_tcp_proc_create_interface_graph] Unable to find reachable pairing between local and remote interfaces
[Diogo][[57958,1],12][btl_tcp_proc.c:266:mca_btl_tcp_proc_create_interface_graph] Unable to find reachable pairing between local and remote interfaces
[Diogo][[57958,1],5][btl_tcp_proc.c:266:mca_btl_tcp_proc_create_interface_graph] Unable to find reachable pairing between local and remote interfaces
[Diogo][[57958,1],5][btl_tcp_proc.c:266:mca_btl_tcp_proc_create_interface_graph] Unable to find reachable pairing between local and remote interfaces
[Diogo][[57958,1],5][btl_tcp_proc.c:266:mca_btl_tcp_proc_create_interface_graph] Unable to find reachable pairing between local and remote interfaces
[Diogo][[57958,1],5][btl_tcp_proc.c:266:mca_btl_tcp_proc_create_interface_graph] Unable to find reachable pairing between local and remote interfaces
[Diogo][[57958,1],16][btl_tcp_proc.c:266:mca_btl_tcp_proc_create_interface_graph] Unable to find reachable pairing between local and remote interfaces
[Diogo][[57958,1],16][btl_tcp_proc.c:266:mca_btl_tcp_proc_create_interface_graph] Unable to find reachable pairing between local and remote interfaces
[Diogo][[57958,1],9][btl_tcp_proc.c:266:mca_btl_tcp_proc_create_interface_graph] Unable to find reachable pairing between local and remote interfaces
[Diogo][[57958,1],9][btl_tcp_proc.c:266:mca_btl_tcp_proc_create_interface_graph] Unable to find reachable pairing between local and remote interfaces
[Diogo][[57958,1],9][btl_tcp_proc.c:266:mca_btl_tcp_proc_create_interface_graph] Unable to find reachable pairing between local and remote interfaces
[Diogo][[57958,1],9][btl_tcp_proc.c:266:mca_btl_tcp_proc_create_interface_graph] Unable to find reachable pairing between local and remote interfaces
[Diogo][[57958,1],12][btl_tcp_proc.c:266:mca_btl_tcp_proc_create_interface_graph] Unable to find reachable pairing between local and remote interfaces
[Diogo][[57958,1],12][btl_tcp_proc.c:266:mca_btl_tcp_proc_create_interface_graph] Unable to find reachable pairing between local and remote interfaces
[Diogo][[57958,1],12][btl_tcp_proc.c:266:mca_btl_tcp_proc_create_interface_graph] Unable to find reachable pairing between local and remote interfaces
[Diogo][[57958,1],12][btl_tcp_proc.c:266:mca_btl_tcp_proc_create_interface_graph] Unable to find reachable pairing between local and remote interfaces
[Diogo][[57958,1],3][btl_tcp_proc.c:266:mca_btl_tcp_proc_create_interface_graph] Unable to find reachable pairing between local and remote interfaces
[Diogo][[57958,1],3][btl_tcp_proc.c:266:mca_btl_tcp_proc_create_interface_graph] Unable to find reachable pairing between local and remote interfaces
[Diogo][[57958,1],3][btl_tcp_proc.c:266:mca_btl_tcp_proc_create_interface_graph] Unable to find reachable pairing between local and remote interfaces
[Diogo][[57958,1],5][btl_tcp_proc.c:266:mca_btl_tcp_proc_create_interface_graph] Unable to find reachable pairing between local and remote interfaces
[Diogo][[57958,1],9][btl_tcp_proc.c:266:mca_btl_tcp_proc_create_interface_graph] Unable to find reachable pairing between local and remote interfaces
[Diogo][[57958,1],12][btl_tcp_proc.c:266:mca_btl_tcp_proc_create_interface_graph] Unable to find reachable pairing between local and remote interfaces
[Diogo][[57958,1],5][btl_tcp_proc.c:266:mca_btl_tcp_proc_create_interface_graph] Unable to find reachable pairing between local and remote interfaces
[Diogo][[57958,1],9][btl_tcp_proc.c:266:mca_btl_tcp_proc_create_interface_graph] Unable to find reachable pairing between local and remote interfaces
[Diogo][[57958,1],5][btl_tcp_proc.c:266:mca_btl_tcp_proc_create_interface_graph] Unable to find reachable pairing between local and remote interfaces
[Diogo][[57958,1],9][btl_tcp_proc.c:266:mca_btl_tcp_proc_create_interface_graph] Unable to find reachable pairing between local and remote interfaces
[Diogo][[57958,1],9][btl_tcp_proc.c:266:mca_btl_tcp_proc_create_interface_graph] Unable to find reachable pairing between local and remote interfaces
[Diogo][[57958,1],5][btl_tcp_proc.c:266:mca_btl_tcp_proc_create_interface_graph] Unable to find reachable pairing between local and remote interfaces
[Diogo][[57958,1],12][btl_tcp_proc.c:266:mca_btl_tcp_proc_create_interface_graph] Unable to find reachable pairing between local and remote interfaces
[Diogo][[57958,1],5][btl_tcp_proc.c:266:mca_btl_tcp_proc_create_interface_graph] Unable to find reachable pairing between local and remote interfaces
[Diogo][[57958,1],10][btl_tcp_proc.c:266:mca_btl_tcp_proc_create_interface_graph] Unable to find reachable pairing between local and remote interfaces
[Diogo][[57958,1],10][btl_tcp_proc.c:266:mca_btl_tcp_proc_create_interface_graph] Unable to find reachable pairing between local and remote interfaces
[Diogo][[57958,1],9][btl_tcp_proc.c:266:mca_btl_tcp_proc_create_interface_graph] Unable to find reachable pairing between local and remote interfaces
[Diogo][[57958,1],9][btl_tcp_proc.c:266:mca_btl_tcp_proc_create_interface_graph] Unable to find reachable pairing between local and remote interfaces
[Diogo][[57958,1],5][btl_tcp_proc.c:266:mca_btl_tcp_proc_create_interface_graph] Unable to find reachable pairing between local and remote interfaces
[Diogo][[57958,1],12][btl_tcp_proc.c:266:mca_btl_tcp_proc_create_interface_graph] Unable to find reachable pairing between local and remote interfaces
[Diogo][[57958,1],10][btl_tcp_proc.c:266:mca_btl_tcp_proc_create_interface_graph] Unable to find reachable pairing between local and remote interfaces
[Diogo][[57958,1],10][btl_tcp_proc.c:266:mca_btl_tcp_proc_create_interface_graph] Unable to find reachable pairing between local and remote interfaces
[Diogo][[57958,1],10][btl_tcp_proc.c:266:mca_btl_tcp_proc_create_interface_graph] Unable to find reachable pairing between local and remote interfaces
[Diogo][[57958,1],9][btl_tcp_proc.c:266:mca_btl_tcp_proc_create_interface_graph] Unable to find reachable pairing between local and remote interfaces
[Diogo][[57958,1],12][btl_tcp_proc.c:266:mca_btl_tcp_proc_create_interface_graph] Unable to find reachable pairing between local and remote interfaces
[Diogo][[57958,1],10][btl_tcp_proc.c:266:mca_btl_tcp_proc_create_interface_graph] Unable to find reachable pairing between local and remote interfaces
[Diogo][[57958,1],10][btl_tcp_proc.c:266:mca_btl_tcp_proc_create_interface_graph] Unable to find reachable pairing between local and remote interfaces
[Diogo][[57958,1],19][btl_tcp_proc.c:266:mca_btl_tcp_proc_create_interface_graph] Unable to find reachable pairing between local and remote interfaces
[Diogo][[57958,1],12][btl_tcp_proc.c:266:mca_btl_tcp_proc_create_interface_graph] Unable to find reachable pairing between local and remote interfaces
[Diogo][[57958,1],10][btl_tcp_proc.c:266:mca_btl_tcp_proc_create_interface_graph] Unable to find reachable pairing between local and remote interfaces
[Diogo][[57958,1],19][btl_tcp_proc.c:266:mca_btl_tcp_proc_create_interface_graph] Unable to find reachable pairing between local and remote interfaces
[Diogo][[57958,1],10][btl_tcp_proc.c:266:mca_btl_tcp_proc_create_interface_graph] Unable to find reachable pairing between local and remote interfaces
[Diogo][[57958,1],3][btl_tcp_proc.c:266:mca_btl_tcp_proc_create_interface_graph] Unable to find reachable pairing between local and remote interfaces
[Diogo][[57958,1],10][btl_tcp_proc.c:266:mca_btl_tcp_proc_create_interface_graph] Unable to find reachable pairing between local and remote interfaces
[Diogo][[57958,1],10][btl_tcp_proc.c:266:mca_btl_tcp_proc_create_interface_graph] Unable to find reachable pairing between local and remote interfaces
[Diogo][[57958,1],19][btl_tcp_proc.c:266:mca_btl_tcp_proc_create_interface_graph] Unable to find reachable pairing between local and remote interfaces
[Diogo][[57958,1],12][btl_tcp_proc.c:266:mca_btl_tcp_proc_create_interface_graph] Unable to find reachable pairing between local and remote interfaces
[Diogo][[57958,1],3][btl_tcp_proc.c:266:mca_btl_tcp_proc_create_interface_graph] Unable to find reachable pairing between local and remote interfaces
[Diogo][[57958,1],19][btl_tcp_proc.c:266:mca_btl_tcp_proc_create_interface_graph] Unable to find reachable pairing between local and remote interfaces
[Diogo][[57958,1],10][btl_tcp_proc.c:266:mca_btl_tcp_proc_create_interface_graph] Unable to find reachable pairing between local and remote interfaces
[Diogo][[57958,1],17][btl_tcp_proc.c:266:mca_btl_tcp_proc_create_interface_graph] Unable to find reachable pairing between local and remote interfaces
[Diogo][[57958,1],10][btl_tcp_proc.c:266:mca_btl_tcp_proc_create_interface_graph] Unable to find reachable pairing between local and remote interfaces
[Diogo][[57958,1],10][btl_tcp_proc.c:266:mca_btl_tcp_proc_create_interface_graph] Unable to find reachable pairing between local and remote interfaces
[Diogo][[57958,1],19][btl_tcp_proc.c:266:mca_btl_tcp_proc_create_interface_graph] Unable to find reachable pairing between local and remote interfaces
[Diogo][[57958,1],19][btl_tcp_proc.c:266:mca_btl_tcp_proc_create_interface_graph] Unable to find reachable pairing between local and remote interfaces
[Diogo][[57958,1],12][btl_tcp_proc.c:266:mca_btl_tcp_proc_create_interface_graph] Unable to find reachable pairing between local and remote interfaces
[Diogo][[57958,1],17][btl_tcp_proc.c:266:mca_btl_tcp_proc_create_interface_graph] Unable to find reachable pairing between local and remote interfaces
[Diogo][[57958,1],10][btl_tcp_proc.c:266:mca_btl_tcp_proc_create_interface_graph] Unable to find reachable pairing between local and remote interfaces
[Diogo][[57958,1],3][btl_tcp_proc.c:266:mca_btl_tcp_proc_create_interface_graph] Unable to find reachable pairing between local and remote interfaces
[Diogo][[57958,1],10][btl_tcp_proc.c:266:mca_btl_tcp_proc_create_interface_graph] Unable to find reachable pairing between local and remote interfaces
[Diogo][[57958,1],10][btl_tcp_proc.c:266:mca_btl_tcp_proc_create_interface_graph] Unable to find reachable pairing between local and remote interfaces
[Diogo][[57958,1],19][btl_tcp_proc.c:266:mca_btl_tcp_proc_create_interface_graph] Unable to find reachable pairing between local and remote interfaces
[Diogo][[57958,1],17][btl_tcp_proc.c:266:mca_btl_tcp_proc_create_interface_graph] Unable to find reachable pairing between local and remote interfaces
[Diogo][[57958,1],12][btl_tcp_proc.c:266:mca_btl_tcp_proc_create_interface_graph] Unable to find reachable pairing between local and remote interfaces
[Diogo][[57958,1],7][btl_tcp_proc.c:266:mca_btl_tcp_proc_create_interface_graph] Unable to find reachable pairing between local and remote interfaces
[Diogo][[57958,1],3][btl_tcp_proc.c:266:mca_btl_tcp_proc_create_interface_graph] Unable to find reachable pairing between local and remote interfaces
[Diogo][[57958,1],19][btl_tcp_proc.c:266:mca_btl_tcp_proc_create_interface_graph] Unable to find reachable pairing between local and remote interfaces
[Diogo][[57958,1],10][btl_tcp_proc.c:266:mca_btl_tcp_proc_create_interface_graph] Unable to find reachable pairing between local and remote interfaces
[Diogo][[57958,1],17][btl_tcp_proc.c:266:mca_btl_tcp_proc_create_interface_graph] Unable to find reachable pairing between local and remote interfaces
[Diogo][[57958,1],3][btl_tcp_proc.c:266:mca_btl_tcp_proc_create_interface_graph] Unable to find reachable pairing between local and remote interfaces
[Diogo][[57958,1],10][btl_tcp_proc.c:266:mca_btl_tcp_proc_create_interface_graph] Unable to find reachable pairing between local and remote interfaces
[Diogo][[57958,1],7][btl_tcp_proc.c:266:mca_btl_tcp_proc_create_interface_graph] Unable to find reachable pairing between local and remote interfaces
[Diogo][[57958,1],19][btl_tcp_proc.c:266:mca_btl_tcp_proc_create_interface_graph] Unable to find reachable pairing between local and remote interfaces
[Diogo][[57958,1],17][btl_tcp_proc.c:266:mca_btl_tcp_proc_create_interface_graph] Unable to find reachable pairing between local and remote interfaces
[Diogo][[57958,1],3][btl_tcp_proc.c:266:mca_btl_tcp_proc_create_interface_graph] Unable to find reachable pairing between local and remote interfaces
[Diogo][[57958,1],3][btl_tcp_proc.c:266:mca_btl_tcp_proc_create_interface_graph] Unable to find reachable pairing between local and remote interfaces
[Diogo][[57958,1],3][btl_tcp_proc.c:266:mca_btl_tcp_proc_create_interface_graph] Unable to find reachable pairing between local and remote interfaces
[Diogo][[57958,1],7][btl_tcp_proc.c:266:mca_btl_tcp_proc_create_interface_graph] Unable to find reachable pairing between local and remote interfaces
[Diogo][[57958,1],7][btl_tcp_proc.c:266:mca_btl_tcp_proc_create_interface_graph] Unable to find reachable pairing between local and remote interfaces
[Diogo][[57958,1],7][btl_tcp_proc.c:266:mca_btl_tcp_proc_create_interface_graph] Unable to find reachable pairing between local and remote interfaces
[Diogo][[57958,1],19][btl_tcp_proc.c:266:mca_btl_tcp_proc_create_interface_graph] Unable to find reachable pairing between local and remote interfaces
[Diogo][[57958,1],19][btl_tcp_proc.c:266:mca_btl_tcp_proc_create_interface_graph] Unable to find reachable pairing between local and remote interfaces
[Diogo][[57958,1],19][btl_tcp_proc.c:266:mca_btl_tcp_proc_create_interface_graph] Unable to find reachable pairing between local and remote interfaces
[Diogo][[57958,1],17][btl_tcp_proc.c:266:mca_btl_tcp_proc_create_interface_graph] Unable to find reachable pairing between local and remote interfaces
[Diogo][[57958,1],17][btl_tcp_proc.c:266:mca_btl_tcp_proc_create_interface_graph] Unable to find reachable pairing between local and remote interfaces
[Diogo][[57958,1],17][btl_tcp_proc.c:266:mca_btl_tcp_proc_create_interface_graph] Unable to find reachable pairing between local and remote interfaces
[Diogo][[57958,1],12][btl_tcp_proc.c:266:mca_btl_tcp_proc_create_interface_graph] Unable to find reachable pairing between local and remote interfaces
[Diogo][[57958,1],12][btl_tcp_proc.c:266:mca_btl_tcp_proc_create_interface_graph] Unable to find reachable pairing between local and remote interfaces
[Diogo][[57958,1],3][btl_tcp_proc.c:266:mca_btl_tcp_proc_create_interface_graph] Unable to find reachable pairing between local and remote interfaces
[Diogo][[57958,1],17][btl_tcp_proc.c:266:mca_btl_tcp_proc_create_interface_graph] Unable to find reachable pairing between local and remote interfaces
[Diogo][[57958,1],19][btl_tcp_proc.c:266:mca_btl_tcp_proc_create_interface_graph] Unable to find reachable pairing between local and remote interfaces
[Diogo][[57958,1],7][btl_tcp_proc.c:266:mca_btl_tcp_proc_create_interface_graph] Unable to find reachable pairing between local and remote interfaces
[Diogo][[57958,1],12][btl_tcp_proc.c:266:mca_btl_tcp_proc_create_interface_graph] Unable to find reachable pairing between local and remote interfaces
[Diogo][[57958,1],17][btl_tcp_proc.c:266:mca_btl_tcp_proc_create_interface_graph] Unable to find reachable pairing between local and remote interfaces
[Diogo][[57958,1],17][btl_tcp_proc.c:266:mca_btl_tcp_proc_create_interface_graph] Unable to find reachable pairing between local and remote interfaces
[Diogo][[57958,1],17][btl_tcp_proc.c:266:mca_btl_tcp_proc_create_interface_graph] Unable to find reachable pairing between local and remote interfaces
[Diogo][[57958,1],19][btl_tcp_proc.c:266:mca_btl_tcp_proc_create_interface_graph] Unable to find reachable pairing between local and remote interfaces
[Diogo][[57958,1],19][btl_tcp_proc.c:266:mca_btl_tcp_proc_create_interface_graph] Unable to find reachable pairing between local and remote interfaces
[Diogo][[57958,1],19][btl_tcp_proc.c:266:mca_btl_tcp_proc_create_interface_graph] Unable to find reachable pairing between local and remote interfaces
[Diogo][[57958,1],7][btl_tcp_proc.c:266:mca_btl_tcp_proc_create_interface_graph] Unable to find reachable pairing between local and remote interfaces
[Diogo][[57958,1],7][btl_tcp_proc.c:266:mca_btl_tcp_proc_create_interface_graph] Unable to find reachable pairing between local and remote interfaces[Diogo][[57958,1],12][btl_tcp_proc.c:266:mca_btl_tcp_proc_create_interface_graph] Unable to find reachable pairing between local and remote interfaces
[Diogo][[57958,1],3][btl_tcp_proc.c:266:mca_btl_tcp_proc_create_interface_graph] Unable to find reachable pairing between local and remote interfaces

[Diogo][[57958,1],17][btl_tcp_proc.c:266:mca_btl_tcp_proc_create_interface_graph] Unable to find reachable pairing between local and remote interfaces
[Diogo][[57958,1],17][btl_tcp_proc.c:266:mca_btl_tcp_proc_create_interface_graph] Unable to find reachable pairing between local and remote interfaces
[Diogo][[57958,1],17][btl_tcp_proc.c:266:mca_btl_tcp_proc_create_interface_graph] Unable to find reachable pairing between local and remote interfaces
[Diogo][[57958,1],19][btl_tcp_proc.c:266:mca_btl_tcp_proc_create_interface_graph] Unable to find reachable pairing between local and remote interfaces
[Diogo][[57958,1],19][btl_tcp_proc.c:266:mca_btl_tcp_proc_create_interface_graph] Unable to find reachable pairing between local and remote interfaces
[Diogo][[57958,1],19][btl_tcp_proc.c:266:mca_btl_tcp_proc_create_interface_graph] Unable to find reachable pairing between local and remote interfaces
[Diogo][[57958,1],7][btl_tcp_proc.c:266:mca_btl_tcp_proc_create_interface_graph] Unable to find reachable pairing between local and remote interfaces
[Diogo][[57958,1],7][btl_tcp_proc.c:266:mca_btl_tcp_proc_create_interface_graph] Unable to find reachable pairing between local and remote interfaces
[Diogo][[57958,1],7][btl_tcp_proc.c:266:mca_btl_tcp_proc_create_interface_graph] Unable to find reachable pairing between local and remote interfaces
[Diogo][[57958,1],17][btl_tcp_proc.c:266:mca_btl_tcp_proc_create_interface_graph] Unable to find reachable pairing between local and remote interfaces
[Diogo][[57958,1],7][btl_tcp_proc.c:266:mca_btl_tcp_proc_create_interface_graph] [Diogo][[57958,1],17][btl_tcp_proc.c:266:mca_btl_tcp_proc_create_interface_graph] Unable to find reachable pairing between local and remote interfaces
Unable to find reachable pairing between local and remote interfaces
[Diogo][[57958,1],17][btl_tcp_proc.c:266:mca_btl_tcp_proc_create_interface_graph] Unable to find reachable pairing between local and remote interfaces
[Diogo][[57958,1],3][btl_tcp_proc.c:266:mca_btl_tcp_proc_create_interface_graph] Unable to find reachable pairing between local and remote interfaces
[Diogo][[57958,1],17][btl_tcp_proc.c:266:mca_btl_tcp_proc_create_interface_graph] Unable to find reachable pairing between local and remote interfaces
[Diogo][[57958,1],3][btl_tcp_proc.c:266:mca_btl_tcp_proc_create_interface_graph] Unable to find reachable pairing between local and remote interfaces
[Diogo][[57958,1],7][btl_tcp_proc.c:266:mca_btl_tcp_proc_create_interface_graph] Unable to find reachable pairing between local and remote interfaces
[Diogo][[57958,1],3][btl_tcp_proc.c:266:mca_btl_tcp_proc_create_interface_graph] Unable to find reachable pairing between local and remote interfaces
[Diogo][[57958,1],3][btl_tcp_proc.c:266:mca_btl_tcp_proc_create_interface_graph] Unable to find reachable pairing between local and remote interfaces
[Diogo][[57958,1],7][btl_tcp_proc.c:266:mca_btl_tcp_proc_create_interface_graph] Unable to find reachable pairing between local and remote interfaces
[Diogo][[57958,1],3][btl_tcp_proc.c:266:mca_btl_tcp_proc_create_interface_graph] Unable to find reachable pairing between local and remote interfaces
[Diogo][[57958,1],7][btl_tcp_proc.c:266:mca_btl_tcp_proc_create_interface_graph] Unable to find reachable pairing between local and remote interfaces
[Diogo][[57958,1],7][btl_tcp_proc.c:266:mca_btl_tcp_proc_create_interface_graph] Unable to find reachable pairing between local and remote interfaces
[Diogo][[57958,1],7][btl_tcp_proc.c:266:mca_btl_tcp_proc_create_interface_graph] Unable to find reachable pairing between local and remote interfaces
[Diogo][[57958,1],7][btl_tcp_proc.c:266:mca_btl_tcp_proc_create_interface_graph] Unable to find reachable pairing between local and remote interfaces
[Diogo][[57958,1],7][btl_tcp_proc.c:266:mca_btl_tcp_proc_create_interface_graph] Unable to find reachable pairing between local and remote interfaces
[Diogo][[57958,1],3][btl_tcp_proc.c:266:mca_btl_tcp_proc_create_interface_graph] Unable to find reachable pairing between local and remote interfaces
[Diogo][[57958,1],15][btl_tcp_proc.c:266:mca_btl_tcp_proc_create_interface_graph] Unable to find reachable pairing between local and remote interfaces
[Diogo][[57958,1],15][btl_tcp_proc.c:266:mca_btl_tcp_proc_create_interface_graph] Unable to find reachable pairing between local and remote interfaces
[Diogo][[57958,1],15][btl_tcp_proc.c:266:mca_btl_tcp_proc_create_interface_graph] Unable to find reachable pairing between local and remote interfaces
[Diogo][[57958,1],15][btl_tcp_proc.c:266:mca_btl_tcp_proc_create_interface_graph] Unable to find reachable pairing between local and remote interfaces
[Diogo][[57958,1],15][btl_tcp_proc.c:266:mca_btl_tcp_proc_create_interface_graph] Unable to find reachable pairing between local and remote interfaces
[Diogo][[57958,1],15][btl_tcp_proc.c:266:mca_btl_tcp_proc_create_interface_graph] Unable to find reachable pairing between local and remote interfaces
[Diogo][[57958,1],15][btl_tcp_proc.c:266:mca_btl_tcp_proc_create_interface_graph] Unable to find reachable pairing between local and remote interfaces
[Diogo][[57958,1],15][btl_tcp_proc.c:266:mca_btl_tcp_proc_create_interface_graph] Unable to find reachable pairing between local and remote interfaces
[Diogo][[57958,1],15][btl_tcp_proc.c:266:mca_btl_tcp_proc_create_interface_graph] Unable to find reachable pairing between local and remote interfaces
[Diogo][[57958,1],15][btl_tcp_proc.c:266:mca_btl_tcp_proc_create_interface_graph] Unable to find reachable pairing between local and remote interfaces
[Diogo][[57958,1],15][btl_tcp_proc.c:266:mca_btl_tcp_proc_create_interface_graph] Unable to find reachable pairing between local and remote interfaces
[Diogo][[57958,1],15][btl_tcp_proc.c:266:mca_btl_tcp_proc_create_interface_graph] Unable to find reachable pairing between local and remote interfaces
[Diogo][[57958,1],15][btl_tcp_proc.c:266:mca_btl_tcp_proc_create_interface_graph] Unable to find reachable pairing between local and remote interfaces
[Diogo][[57958,1],15][btl_tcp_proc.c:266:mca_btl_tcp_proc_create_interface_graph] Unable to find reachable pairing between local and remote interfaces
[Diogo][[57958,1],15][btl_tcp_proc.c:266:mca_btl_tcp_proc_create_interface_graph] Unable to find reachable pairing between local and remote interfaces
[Diogo][[57958,1],15][btl_tcp_proc.c:266:mca_btl_tcp_proc_create_interface_graph] Unable to find reachable pairing between local and remote interfaces
[Diogo][[57958,1],15][btl_tcp_proc.c:266:mca_btl_tcp_proc_create_interface_graph] Unable to find reachable pairing between local and remote interfaces
[Diogo][[57958,1],15][btl_tcp_proc.c:266:mca_btl_tcp_proc_create_interface_graph] Unable to find reachable pairing between local and remote interfaces
[Diogo][[57958,1],15][btl_tcp_proc.c:266:mca_btl_tcp_proc_create_interface_graph] Unable to find reachable pairing between local and remote interfaces
[Diogo][[57958,1],8][btl_tcp_proc.c:266:mca_btl_tcp_proc_create_interface_graph] Unable to find reachable pairing between local and remote interfaces
[Diogo][[57958,1],8][btl_tcp_proc.c:266:mca_btl_tcp_proc_create_interface_graph] Unable to find reachable pairing between local and remote interfaces
[Diogo][[57958,1],8][btl_tcp_proc.c:266:mca_btl_tcp_proc_create_interface_graph] Unable to find reachable pairing between local and remote interfaces
[Diogo][[57958,1],8][btl_tcp_proc.c:266:mca_btl_tcp_proc_create_interface_graph] Unable to find reachable pairing between local and remote interfaces
[Diogo][[57958,1],8][btl_tcp_proc.c:266:mca_btl_tcp_proc_create_interface_graph] Unable to find reachable pairing between local and remote interfaces
[Diogo][[57958,1],8][btl_tcp_proc.c:266:mca_btl_tcp_proc_create_interface_graph] Unable to find reachable pairing between local and remote interfaces
[Diogo][[57958,1],8][btl_tcp_proc.c:266:mca_btl_tcp_proc_create_interface_graph] Unable to find reachable pairing between local and remote interfaces
[Diogo][[57958,1],8][btl_tcp_proc.c:266:mca_btl_tcp_proc_create_interface_graph] Unable to find reachable pairing between local and remote interfaces
[Diogo][[57958,1],8][btl_tcp_proc.c:266:mca_btl_tcp_proc_create_interface_graph] Unable to find reachable pairing between local and remote interfaces
[Diogo][[57958,1],13][btl_tcp_proc.c:266:mca_btl_tcp_proc_create_interface_graph] Unable to find reachable pairing between local and remote interfaces
[Diogo][[57958,1],8][btl_tcp_proc.c:266:mca_btl_tcp_proc_create_interface_graph] Unable to find reachable pairing between local and remote interfaces
[Diogo][[57958,1],13][btl_tcp_proc.c:266:mca_btl_tcp_proc_create_interface_graph] Unable to find reachable pairing between local and remote interfaces
[Diogo][[57958,1],13][btl_tcp_proc.c:266:mca_btl_tcp_proc_create_interface_graph] Unable to find reachable pairing between local and remote interfaces
[Diogo][[57958,1],13][btl_tcp_proc.c:266:mca_btl_tcp_proc_create_interface_graph] Unable to find reachable pairing between local and remote interfaces
[Diogo][[57958,1],13][btl_tcp_proc.c:266:mca_btl_tcp_proc_create_interface_graph] Unable to find reachable pairing between local and remote interfaces
[Diogo][[57958,1],13][btl_tcp_proc.c:266:mca_btl_tcp_proc_create_interface_graph] Unable to find reachable pairing between local and remote interfaces
[Diogo][[57958,1],13][btl_tcp_proc.c:266:mca_btl_tcp_proc_create_interface_graph] Unable to find reachable pairing between local and remote interfaces
[Diogo][[57958,1],13][btl_tcp_proc.c:266:mca_btl_tcp_proc_create_interface_graph] Unable to find reachable pairing between local and remote interfaces
[Diogo][[57958,1],13][btl_tcp_proc.c:266:mca_btl_tcp_proc_create_interface_graph] Unable to find reachable pairing between local and remote interfaces
[Diogo][[57958,1],13][btl_tcp_proc.c:266:mca_btl_tcp_proc_create_interface_graph] Unable to find reachable pairing between local and remote interfaces
[Diogo][[57958,1],13][btl_tcp_proc.c:266:mca_btl_tcp_proc_create_interface_graph] Unable to find reachable pairing between local and remote interfaces
[Diogo][[57958,1],13][btl_tcp_proc.c:266:mca_btl_tcp_proc_create_interface_graph] Unable to find reachable pairing between local and remote interfaces
[Diogo][[57958,1],13][btl_tcp_proc.c:266:mca_btl_tcp_proc_create_interface_graph] Unable to find reachable pairing between local and remote interfaces
[Diogo][[57958,1],13][btl_tcp_proc.c:266:mca_btl_tcp_proc_create_interface_graph] Unable to find reachable pairing between local and remote interfaces
[Diogo][[57958,1],13][btl_tcp_proc.c:266:mca_btl_tcp_proc_create_interface_graph] Unable to find reachable pairing between local and remote interfaces
[Diogo][[57958,1],13][btl_tcp_proc.c:266:mca_btl_tcp_proc_create_interface_graph] Unable to find reachable pairing between local and remote interfaces
[Diogo][[57958,1],13][btl_tcp_proc.c:266:mca_btl_tcp_proc_create_interface_graph] Unable to find reachable pairing between local and remote interfaces
[Diogo][[57958,1],13][btl_tcp_proc.c:266:mca_btl_tcp_proc_create_interface_graph] Unable to find reachable pairing between local and remote interfaces
[Diogo][[57958,1],13][btl_tcp_proc.c:266:mca_btl_tcp_proc_create_interface_graph] Unable to find reachable pairing between local and remote interfaces
[Diogo][[57958,1],11][btl_tcp_proc.c:266:mca_btl_tcp_proc_create_interface_graph] Unable to find reachable pairing between local and remote interfaces
[Diogo][[57958,1],11][btl_tcp_proc.c:266:mca_btl_tcp_proc_create_interface_graph] Unable to find reachable pairing between local and remote interfaces
[Diogo][[57958,1],11][btl_tcp_proc.c:266:mca_btl_tcp_proc_create_interface_graph] Unable to find reachable pairing between local and remote interfaces
[Diogo][[57958,1],11][btl_tcp_proc.c:266:mca_btl_tcp_proc_create_interface_graph] Unable to find reachable pairing between local and remote interfaces
[Diogo][[57958,1],11][btl_tcp_proc.c:266:mca_btl_tcp_proc_create_interface_graph] Unable to find reachable pairing between local and remote interfaces
[Diogo][[57958,1],11][btl_tcp_proc.c:266:mca_btl_tcp_proc_create_interface_graph] Unable to find reachable pairing between local and remote interfaces
[Diogo][[57958,1],11][btl_tcp_proc.c:266:mca_btl_tcp_proc_create_interface_graph] Unable to find reachable pairing between local and remote interfaces
[Diogo][[57958,1],11][btl_tcp_proc.c:266:mca_btl_tcp_proc_create_interface_graph] Unable to find reachable pairing between local and remote interfaces
[Diogo][[57958,1],11][btl_tcp_proc.c:266:mca_btl_tcp_proc_create_interface_graph] Unable to find reachable pairing between local and remote interfaces
[Diogo][[57958,1],11][btl_tcp_proc.c:266:mca_btl_tcp_proc_create_interface_graph] Unable to find reachable pairing between local and remote interfaces
[Diogo][[57958,1],11][btl_tcp_proc.c:266:mca_btl_tcp_proc_create_interface_graph] Unable to find reachable pairing between local and remote interfaces
[Diogo][[57958,1],11][btl_tcp_proc.c:266:mca_btl_tcp_proc_create_interface_graph] Unable to find reachable pairing between local and remote interfaces
[Diogo][[57958,1],11][btl_tcp_proc.c:266:mca_btl_tcp_proc_create_interface_graph] Unable to find reachable pairing between local and remote interfaces
[Diogo][[57958,1],11][btl_tcp_proc.c:266:mca_btl_tcp_proc_create_interface_graph] Unable to find reachable pairing between local and remote interfaces
[Diogo][[57958,1],11][btl_tcp_proc.c:266:mca_btl_tcp_proc_create_interface_graph] Unable to find reachable pairing between local and remote interfaces
[Diogo][[57958,1],11][btl_tcp_proc.c:266:mca_btl_tcp_proc_create_interface_graph] Unable to find reachable pairing between local and remote interfaces
[Diogo][[57958,1],11][btl_tcp_proc.c:266:mca_btl_tcp_proc_create_interface_graph] Unable to find reachable pairing between local and remote interfaces
[Diogo][[57958,1],11][btl_tcp_proc.c:266:mca_btl_tcp_proc_create_interface_graph] Unable to find reachable pairing between local and remote interfaces
[Diogo][[57958,1],11][btl_tcp_proc.c:266:mca_btl_tcp_proc_create_interface_graph] Unable to find reachable pairing between local and remote interfaces
[Diogo][[57958,1],14][btl_tcp_proc.c:266:mca_btl_tcp_proc_create_interface_graph] Unable to find reachable pairing between local and remote interfaces
[Diogo][[57958,1],14][btl_tcp_proc.c:266:mca_btl_tcp_proc_create_interface_graph] Unable to find reachable pairing between local and remote interfaces
[Diogo][[57958,1],14][btl_tcp_proc.c:266:mca_btl_tcp_proc_create_interface_graph] Unable to find reachable pairing between local and remote interfaces
[Diogo][[57958,1],14][btl_tcp_proc.c:266:mca_btl_tcp_proc_create_interface_graph] Unable to find reachable pairing between local and remote interfaces
[Diogo][[57958,1],14][btl_tcp_proc.c:266:mca_btl_tcp_proc_create_interface_graph] Unable to find reachable pairing between local and remote interfaces
[Diogo][[57958,1],14][btl_tcp_proc.c:266:mca_btl_tcp_proc_create_interface_graph] Unable to find reachable pairing between local and remote interfaces
[Diogo][[57958,1],14][btl_tcp_proc.c:266:mca_btl_tcp_proc_create_interface_graph] Unable to find reachable pairing between local and remote interfaces
[Diogo][[57958,1],14][btl_tcp_proc.c:266:mca_btl_tcp_proc_create_interface_graph] Unable to find reachable pairing between local and remote interfaces
[Diogo][[57958,1],14][btl_tcp_proc.c:266:mca_btl_tcp_proc_create_interface_graph] Unable to find reachable pairing between local and remote interfaces
[Diogo][[57958,1],14][btl_tcp_proc.c:266:mca_btl_tcp_proc_create_interface_graph] Unable to find reachable pairing between local and remote interfaces
[Diogo][[57958,1],14][btl_tcp_proc.c:266:mca_btl_tcp_proc_create_interface_graph] Unable to find reachable pairing between local and remote interfaces
[Diogo][[57958,1],14][btl_tcp_proc.c:266:mca_btl_tcp_proc_create_interface_graph] Unable to find reachable pairing between local and remote interfaces
[Diogo][[57958,1],14][btl_tcp_proc.c:266:mca_btl_tcp_proc_create_interface_graph] Unable to find reachable pairing between local and remote interfaces
[Diogo][[57958,1],14][btl_tcp_proc.c:266:mca_btl_tcp_proc_create_interface_graph] Unable to find reachable pairing between local and remote interfaces
[Diogo][[57958,1],14][btl_tcp_proc.c:266:mca_btl_tcp_proc_create_interface_graph] Unable to find reachable pairing between local and remote interfaces
[Diogo][[57958,1],14][btl_tcp_proc.c:266:mca_btl_tcp_proc_create_interface_graph] Unable to find reachable pairing between local and remote interfaces
[Diogo][[57958,1],14][btl_tcp_proc.c:266:mca_btl_tcp_proc_create_interface_graph] Unable to find reachable pairing between local and remote interfaces
[Diogo][[57958,1],14][btl_tcp_proc.c:266:mca_btl_tcp_proc_create_interface_graph] Unable to find reachable pairing between local and remote interfaces
[Diogo][[57958,1],14][btl_tcp_proc.c:266:mca_btl_tcp_proc_create_interface_graph] Unable to find reachable pairing between local and remote interfaces
[Diogo][[57958,1],4][btl_tcp_proc.c:266:mca_btl_tcp_proc_create_interface_graph] Unable to find reachable pairing between local and remote interfaces
[Diogo][[57958,1],4][btl_tcp_proc.c:266:mca_btl_tcp_proc_create_interface_graph] Unable to find reachable pairing between local and remote interfaces
[Diogo][[57958,1],4][btl_tcp_proc.c:266:mca_btl_tcp_proc_create_interface_graph] Unable to find reachable pairing between local and remote interfaces
[Diogo][[57958,1],4][btl_tcp_proc.c:266:mca_btl_tcp_proc_create_interface_graph] Unable to find reachable pairing between local and remote interfaces
[Diogo][[57958,1],4][btl_tcp_proc.c:266:mca_btl_tcp_proc_create_interface_graph] Unable to find reachable pairing between local and remote interfaces
[Diogo][[57958,1],4][btl_tcp_proc.c:266:mca_btl_tcp_proc_create_interface_graph] Unable to find reachable pairing between local and remote interfaces
[Diogo][[57958,1],4][btl_tcp_proc.c:266:mca_btl_tcp_proc_create_interface_graph] Unable to find reachable pairing between local and remote interfaces
[Diogo][[57958,1],4][btl_tcp_proc.c:266:mca_btl_tcp_proc_create_interface_graph] Unable to find reachable pairing between local and remote interfaces
[Diogo][[57958,1],4][btl_tcp_proc.c:266:mca_btl_tcp_proc_create_interface_graph] Unable to find reachable pairing between local and remote interfaces
[Diogo][[57958,1],4][btl_tcp_proc.c:266:mca_btl_tcp_proc_create_interface_graph] Unable to find reachable pairing between local and remote interfaces
[Diogo][[57958,1],4][btl_tcp_proc.c:266:mca_btl_tcp_proc_create_interface_graph] Unable to find reachable pairing between local and remote interfaces
[Diogo][[57958,1],4][btl_tcp_proc.c:266:mca_btl_tcp_proc_create_interface_graph] Unable to find reachable pairing between local and remote interfaces
[Diogo][[57958,1],4][btl_tcp_proc.c:266:mca_btl_tcp_proc_create_interface_graph] Unable to find reachable pairing between local and remote interfaces
[Diogo][[57958,1],4][btl_tcp_proc.c:266:mca_btl_tcp_proc_create_interface_graph] Unable to find reachable pairing between local and remote interfaces
[Diogo][[57958,1],4][btl_tcp_proc.c:266:mca_btl_tcp_proc_create_interface_graph] Unable to find reachable pairing between local and remote interfaces
[Diogo][[57958,1],4][btl_tcp_proc.c:266:mca_btl_tcp_proc_create_interface_graph] Unable to find reachable pairing between local and remote interfaces
[Diogo][[57958,1],4][btl_tcp_proc.c:266:mca_btl_tcp_proc_create_interface_graph] Unable to find reachable pairing between local and remote interfaces
[Diogo][[57958,1],4][btl_tcp_proc.c:266:mca_btl_tcp_proc_create_interface_graph] Unable to find reachable pairing between local and remote interfaces
[Diogo][[57958,1],4][btl_tcp_proc.c:266:mca_btl_tcp_proc_create_interface_graph] Unable to find reachable pairing between local and remote interfaces
NEURON -- VERSION 9.0.1 HEAD (b12a541) 2025-11-14
Duke, Yale, and the BlueBrain Project -- Copyright 1984-2022
See http://neuron.yale.edu/neuron/credits

Additional mechanisms from files
 "mod/CaDynamics.mod" "mod/Ca_HVA.mod" "mod/Ca_LVA.mod" "mod/epsp.mod" "mod/Gfluct.mod" "mod/Ih.mod" "mod/Im.mod" "mod/K_P.mod" "mod/K_T.mod" "mod/Kv3_1.mod" "mod/Nap.mod" "mod/NaTg.mod" "mod/NMDA.mod" "mod/ProbAMPANMDA.mod" "mod/ProbUDFsyn.mod" "mod/SK.mod" "mod/tonic.mod"
/home/diogo/miniforge3/envs/core_neuron/lib/python3.10/site-packages/numpy/_core/getlimits.py:558: UserWarning: The value of the smallest subnormal for <class 'numpy.float32'> type is zero.
  setattr(self, word, getattr(machar, word).flat[0])
/home/diogo/miniforge3/envs/core_neuron/lib/python3.10/site-packages/numpy/_core/getlimits.py:90: UserWarning: The value of the smallest subnormal for <class 'numpy.float32'> type is zero.
  return self._float_to_str(self.smallest_subnormal)
/home/diogo/miniforge3/envs/core_neuron/lib/python3.10/site-packages/numpy/_core/getlimits.py:558: UserWarning: The value of the smallest subnormal for <class 'numpy.float32'> type is zero.
  setattr(self, word, getattr(machar, word).flat[0])
/home/diogo/miniforge3/envs/core_neuron/lib/python3.10/site-packages/numpy/_core/getlimits.py:90: UserWarning: The value of the smallest subnormal for <class 'numpy.float32'> type is zero.
  return self._float_to_str(self.smallest_subnormal)
/home/diogo/miniforge3/envs/core_neuron/lib/python3.10/site-packages/numpy/_core/getlimits.py:558: UserWarning: The value of the smallest subnormal for <class 'numpy.float64'> type is zero.
  setattr(self, word, getattr(machar, word).flat[0])
/home/diogo/miniforge3/envs/core_neuron/lib/python3.10/site-packages/numpy/_core/getlimits.py:90: UserWarning: The value of the smallest subnormal for <class 'numpy.float64'> type is zero.
  return self._float_to_str(self.smallest_subnormal)
/home/diogo/miniforge3/envs/core_neuron/lib/python3.10/site-packages/numpy/_core/getlimits.py:558: UserWarning: The value of the smallest subnormal for <class 'numpy.float32'> type is zero.
  setattr(self, word, getattr(machar, word).flat[0])
/home/diogo/miniforge3/envs/core_neuron/lib/python3.10/site-packages/numpy/_core/getlimits.py:90: UserWarning: The value of the smallest subnormal for <class 'numpy.float32'> type is zero.
  return self._float_to_str(self.smallest_subnormal)
/home/diogo/miniforge3/envs/core_neuron/lib/python3.10/site-packages/numpy/_core/getlimits.py:558: UserWarning: The value of the smallest subnormal for <class 'numpy.float64'> type is zero.
  setattr(self, word, getattr(machar, word).flat[0])
/home/diogo/miniforge3/envs/core_neuron/lib/python3.10/site-packages/numpy/_core/getlimits.py:90: UserWarning: The value of the smallest subnormal for <class 'numpy.float64'> type is zero.
  return self._float_to_str(self.smallest_subnormal)
/home/diogo/miniforge3/envs/core_neuron/lib/python3.10/site-packages/numpy/_core/getlimits.py:558: UserWarning: The value of the smallest subnormal for <class 'numpy.float32'> type is zero.
  setattr(self, word, getattr(machar, word).flat[0])
/home/diogo/miniforge3/envs/core_neuron/lib/python3.10/site-packages/numpy/_core/getlimits.py:90: UserWarning: The value of the smallest subnormal for <class 'numpy.float32'> type is zero.
  return self._float_to_str(self.smallest_subnormal)
/home/diogo/miniforge3/envs/core_neuron/lib/python3.10/site-packages/numpy/_core/getlimits.py:558: UserWarning: The value of the smallest subnormal for <class 'numpy.float64'> type is zero.
  setattr(self, word, getattr(machar, word).flat[0])
/home/diogo/miniforge3/envs/core_neuron/lib/python3.10/site-packages/numpy/_core/getlimits.py:90: UserWarning: The value of the smallest subnormal for <class 'numpy.float64'> type is zero.
  return self._float_to_str(self.smallest_subnormal)
/home/diogo/miniforge3/envs/core_neuron/lib/python3.10/site-packages/numpy/_core/getlimits.py:558: UserWarning: The value of the smallest subnormal for <class 'numpy.float32'> type is zero.
  setattr(self, word, getattr(machar, word).flat[0])
/home/diogo/miniforge3/envs/core_neuron/lib/python3.10/site-packages/numpy/_core/getlimits.py:90: UserWarning: The value of the smallest subnormal for <class 'numpy.float32'> type is zero.
  return self._float_to_str(self.smallest_subnormal)
/home/diogo/miniforge3/envs/core_neuron/lib/python3.10/site-packages/numpy/_core/getlimits.py:558: UserWarning: The value of the smallest subnormal for <class 'numpy.float64'> type is zero.
  setattr(self, word, getattr(machar, word).flat[0])
/home/diogo/miniforge3/envs/core_neuron/lib/python3.10/site-packages/numpy/_core/getlimits.py:90: UserWarning: The value of the smallest subnormal for <class 'numpy.float64'> type is zero.
  return self._float_to_str(self.smallest_subnormal)
/home/diogo/miniforge3/envs/core_neuron/lib/python3.10/site-packages/numpy/_core/getlimits.py:558: UserWarning: The value of the smallest subnormal for <class 'numpy.float32'> type is zero.
  setattr(self, word, getattr(machar, word).flat[0])
/home/diogo/miniforge3/envs/core_neuron/lib/python3.10/site-packages/numpy/_core/getlimits.py:90: UserWarning: The value of the smallest subnormal for <class 'numpy.float32'> type is zero.
  return self._float_to_str(self.smallest_subnormal)
/home/diogo/miniforge3/envs/core_neuron/lib/python3.10/site-packages/numpy/_core/getlimits.py:558: UserWarning: The value of the smallest subnormal for <class 'numpy.float64'> type is zero.
  setattr(self, word, getattr(machar, word).flat[0])
/home/diogo/miniforge3/envs/core_neuron/lib/python3.10/site-packages/numpy/_core/getlimits.py:90: UserWarning: The value of the smallest subnormal for <class 'numpy.float64'> type is zero.
  return self._float_to_str(self.smallest_subnormal)
/home/diogo/miniforge3/envs/core_neuron/lib/python3.10/site-packages/numpy/_core/getlimits.py:558: UserWarning: The value of the smallest subnormal for <class 'numpy.float64'> type is zero.
  setattr(self, word, getattr(machar, word).flat[0])
/home/diogo/miniforge3/envs/core_neuron/lib/python3.10/site-packages/numpy/_core/getlimits.py:90: UserWarning: The value of the smallest subnormal for <class 'numpy.float64'> type is zero.
  return self._float_to_str(self.smallest_subnormal)
/home/diogo/miniforge3/envs/core_neuron/lib/python3.10/site-packages/numpy/_core/getlimits.py:558: UserWarning: The value of the smallest subnormal for <class 'numpy.float32'> type is zero.
  setattr(self, word, getattr(machar, word).flat[0])
/home/diogo/miniforge3/envs/core_neuron/lib/python3.10/site-packages/numpy/_core/getlimits.py:90: UserWarning: The value of the smallest subnormal for <class 'numpy.float32'> type is zero.
  return self._float_to_str(self.smallest_subnormal)
/home/diogo/miniforge3/envs/core_neuron/lib/python3.10/site-packages/numpy/_core/getlimits.py:558: UserWarning: The value of the smallest subnormal for <class 'numpy.float64'> type is zero.
  setattr(self, word, getattr(machar, word).flat[0])
/home/diogo/miniforge3/envs/core_neuron/lib/python3.10/site-packages/numpy/_core/getlimits.py:90: UserWarning: The value of the smallest subnormal for <class 'numpy.float64'> type is zero.
  return self._float_to_str(self.smallest_subnormal)
/home/diogo/miniforge3/envs/core_neuron/lib/python3.10/site-packages/numpy/_core/getlimits.py:558: UserWarning: The value of the smallest subnormal for <class 'numpy.float32'> type is zero.
  setattr(self, word, getattr(machar, word).flat[0])
/home/diogo/miniforge3/envs/core_neuron/lib/python3.10/site-packages/numpy/_core/getlimits.py:90: UserWarning: The value of the smallest subnormal for <class 'numpy.float32'> type is zero.
  return self._float_to_str(self.smallest_subnormal)
/home/diogo/miniforge3/envs/core_neuron/lib/python3.10/site-packages/numpy/_core/getlimits.py:558: UserWarning: The value of the smallest subnormal for <class 'numpy.float32'> type is zero.
  setattr(self, word, getattr(machar, word).flat[0])
/home/diogo/miniforge3/envs/core_neuron/lib/python3.10/site-packages/numpy/_core/getlimits.py:90: UserWarning: The value of the smallest subnormal for <class 'numpy.float32'> type is zero.
  return self._float_to_str(self.smallest_subnormal)
/home/diogo/miniforge3/envs/core_neuron/lib/python3.10/site-packages/numpy/_core/getlimits.py:558: UserWarning: The value of the smallest subnormal for <class 'numpy.float32'> type is zero.
  setattr(self, word, getattr(machar, word).flat[0])
/home/diogo/miniforge3/envs/core_neuron/lib/python3.10/site-packages/numpy/_core/getlimits.py:90: UserWarning: The value of the smallest subnormal for <class 'numpy.float32'> type is zero.
  return self._float_to_str(self.smallest_subnormal)
/home/diogo/miniforge3/envs/core_neuron/lib/python3.10/site-packages/numpy/_core/getlimits.py:558: UserWarning: The value of the smallest subnormal for <class 'numpy.float32'> type is zero.
  setattr(self, word, getattr(machar, word).flat[0])
/home/diogo/miniforge3/envs/core_neuron/lib/python3.10/site-packages/numpy/_core/getlimits.py:90: UserWarning: The value of the smallest subnormal for <class 'numpy.float32'> type is zero.
  return self._float_to_str(self.smallest_subnormal)
/home/diogo/miniforge3/envs/core_neuron/lib/python3.10/site-packages/numpy/_core/getlimits.py:558: UserWarning: The value of the smallest subnormal for <class 'numpy.float64'> type is zero.
  setattr(self, word, getattr(machar, word).flat[0])
/home/diogo/miniforge3/envs/core_neuron/lib/python3.10/site-packages/numpy/_core/getlimits.py:558: UserWarning: The value of the smallest subnormal for <class 'numpy.float32'> type is zero.
  setattr(self, word, getattr(machar, word).flat[0])
/home/diogo/miniforge3/envs/core_neuron/lib/python3.10/site-packages/numpy/_core/getlimits.py:90: UserWarning: The value of the smallest subnormal for <class 'numpy.float32'> type is zero.
  return self._float_to_str(self.smallest_subnormal)
/home/diogo/miniforge3/envs/core_neuron/lib/python3.10/site-packages/numpy/_core/getlimits.py:558: UserWarning: The value of the smallest subnormal for <class 'numpy.float64'> type is zero.
  setattr(self, word, getattr(machar, word).flat[0])
/home/diogo/miniforge3/envs/core_neuron/lib/python3.10/site-packages/numpy/_core/getlimits.py:558: UserWarning: The value of the smallest subnormal for <class 'numpy.float32'> type is zero.
  setattr(self, word, getattr(machar, word).flat[0])
/home/diogo/miniforge3/envs/core_neuron/lib/python3.10/site-packages/numpy/_core/getlimits.py:90: UserWarning: The value of the smallest subnormal for <class 'numpy.float32'> type is zero.
  return self._float_to_str(self.smallest_subnormal)
/home/diogo/miniforge3/envs/core_neuron/lib/python3.10/site-packages/numpy/_core/getlimits.py:558: UserWarning: The value of the smallest subnormal for <class 'numpy.float64'> type is zero.
  setattr(self, word, getattr(machar, word).flat[0])
/home/diogo/miniforge3/envs/core_neuron/lib/python3.10/site-packages/numpy/_core/getlimits.py:558: UserWarning: The value of the smallest subnormal for <class 'numpy.float32'> type is zero.
  setattr(self, word, getattr(machar, word).flat[0])
/home/diogo/miniforge3/envs/core_neuron/lib/python3.10/site-packages/numpy/_core/getlimits.py:90: UserWarning: The value of the smallest subnormal for <class 'numpy.float32'> type is zero.
  return self._float_to_str(self.smallest_subnormal)
/home/diogo/miniforge3/envs/core_neuron/lib/python3.10/site-packages/numpy/_core/getlimits.py:558: UserWarning: The value of the smallest subnormal for <class 'numpy.float64'> type is zero.
  setattr(self, word, getattr(machar, word).flat[0])
/home/diogo/miniforge3/envs/core_neuron/lib/python3.10/site-packages/numpy/_core/getlimits.py:558: UserWarning: The value of the smallest subnormal for <class 'numpy.float32'> type is zero.
  setattr(self, word, getattr(machar, word).flat[0])
/home/diogo/miniforge3/envs/core_neuron/lib/python3.10/site-packages/numpy/_core/getlimits.py:90: UserWarning: The value of the smallest subnormal for <class 'numpy.float32'> type is zero.
  return self._float_to_str(self.smallest_subnormal)
/home/diogo/miniforge3/envs/core_neuron/lib/python3.10/site-packages/numpy/_core/getlimits.py:558: UserWarning: The value of the smallest subnormal for <class 'numpy.float64'> type is zero.
  setattr(self, word, getattr(machar, word).flat[0])
/home/diogo/miniforge3/envs/core_neuron/lib/python3.10/site-packages/numpy/_core/getlimits.py:558: UserWarning: The value of the smallest subnormal for <class 'numpy.float32'> type is zero.
  setattr(self, word, getattr(machar, word).flat[0])
/home/diogo/miniforge3/envs/core_neuron/lib/python3.10/site-packages/numpy/_core/getlimits.py:90: UserWarning: The value of the smallest subnormal for <class 'numpy.float32'> type is zero.
  return self._float_to_str(self.smallest_subnormal)
/home/diogo/miniforge3/envs/core_neuron/lib/python3.10/site-packages/numpy/_core/getlimits.py:558: UserWarning: The value of the smallest subnormal for <class 'numpy.float64'> type is zero.
  setattr(self, word, getattr(machar, word).flat[0])
/home/diogo/miniforge3/envs/core_neuron/lib/python3.10/site-packages/numpy/_core/getlimits.py:558: UserWarning: The value of the smallest subnormal for <class 'numpy.float32'> type is zero.
  setattr(self, word, getattr(machar, word).flat[0])
/home/diogo/miniforge3/envs/core_neuron/lib/python3.10/site-packages/numpy/_core/getlimits.py:90: UserWarning: The value of the smallest subnormal for <class 'numpy.float32'> type is zero.
  return self._float_to_str(self.smallest_subnormal)
/home/diogo/miniforge3/envs/core_neuron/lib/python3.10/site-packages/numpy/_core/getlimits.py:558: UserWarning: The value of the smallest subnormal for <class 'numpy.float32'> type is zero.
  setattr(self, word, getattr(machar, word).flat[0])
/home/diogo/miniforge3/envs/core_neuron/lib/python3.10/site-packages/numpy/_core/getlimits.py:90: UserWarning: The value of the smallest subnormal for <class 'numpy.float32'> type is zero.
  return self._float_to_str(self.smallest_subnormal)
/home/diogo/miniforge3/envs/core_neuron/lib/python3.10/site-packages/numpy/_core/getlimits.py:558: UserWarning: The value of the smallest subnormal for <class 'numpy.float64'> type is zero.
  setattr(self, word, getattr(machar, word).flat[0])
/home/diogo/miniforge3/envs/core_neuron/lib/python3.10/site-packages/numpy/_core/getlimits.py:90: UserWarning: The value of the smallest subnormal for <class 'numpy.float64'> type is zero.
  return self._float_to_str(self.smallest_subnormal)
/home/diogo/miniforge3/envs/core_neuron/lib/python3.10/site-packages/numpy/_core/getlimits.py:558: UserWarning: The value of the smallest subnormal for <class 'numpy.float64'> type is zero.
  setattr(self, word, getattr(machar, word).flat[0])
/home/diogo/miniforge3/envs/core_neuron/lib/python3.10/site-packages/numpy/_core/getlimits.py:90: UserWarning: The value of the smallest subnormal for <class 'numpy.float64'> type is zero.
  return self._float_to_str(self.smallest_subnormal)
/home/diogo/miniforge3/envs/core_neuron/lib/python3.10/site-packages/numpy/_core/getlimits.py:558: UserWarning: The value of the smallest subnormal for <class 'numpy.float64'> type is zero.
  setattr(self, word, getattr(machar, word).flat[0])
/home/diogo/miniforge3/envs/core_neuron/lib/python3.10/site-packages/numpy/_core/getlimits.py:90: UserWarning: The value of the smallest subnormal for <class 'numpy.float64'> type is zero.
  return self._float_to_str(self.smallest_subnormal)
/home/diogo/miniforge3/envs/core_neuron/lib/python3.10/site-packages/numpy/_core/getlimits.py:90: UserWarning: The value of the smallest subnormal for <class 'numpy.float64'> type is zero.
  return self._float_to_str(self.smallest_subnormal)
/home/diogo/miniforge3/envs/core_neuron/lib/python3.10/site-packages/numpy/_core/getlimits.py:90: UserWarning: The value of the smallest subnormal for <class 'numpy.float64'> type is zero.
  return self._float_to_str(self.smallest_subnormal)
/home/diogo/miniforge3/envs/core_neuron/lib/python3.10/site-packages/numpy/_core/getlimits.py:90: UserWarning: The value of the smallest subnormal for <class 'numpy.float64'> type is zero.
  return self._float_to_str(self.smallest_subnormal)
/home/diogo/miniforge3/envs/core_neuron/lib/python3.10/site-packages/numpy/_core/getlimits.py:90: UserWarning: The value of the smallest subnormal for <class 'numpy.float64'> type is zero.
  return self._float_to_str(self.smallest_subnormal)
/home/diogo/miniforge3/envs/core_neuron/lib/python3.10/site-packages/numpy/_core/getlimits.py:90: UserWarning: The value of the smallest subnormal for <class 'numpy.float64'> type is zero.
  return self._float_to_str(self.smallest_subnormal)
/home/diogo/miniforge3/envs/core_neuron/lib/python3.10/site-packages/numpy/_core/getlimits.py:558: UserWarning: The value of the smallest subnormal for <class 'numpy.float64'> type is zero.
  setattr(self, word, getattr(machar, word).flat[0])
/home/diogo/miniforge3/envs/core_neuron/lib/python3.10/site-packages/numpy/_core/getlimits.py:90: UserWarning: The value of the smallest subnormal for <class 'numpy.float64'> type is zero.
  return self._float_to_str(self.smallest_subnormal)
/home/diogo/miniforge3/envs/core_neuron/lib/python3.10/site-packages/numpy/_core/getlimits.py:90: UserWarning: The value of the smallest subnormal for <class 'numpy.float64'> type is zero.
  return self._float_to_str(self.smallest_subnormal)
/home/diogo/miniforge3/envs/core_neuron/lib/python3.10/site-packages/numpy/_core/getlimits.py:558: UserWarning: The value of the smallest subnormal for <class 'numpy.float64'> type is zero.
  setattr(self, word, getattr(machar, word).flat[0])
/home/diogo/miniforge3/envs/core_neuron/lib/python3.10/site-packages/numpy/_core/getlimits.py:90: UserWarning: The value of the smallest subnormal for <class 'numpy.float64'> type is zero.
  return self._float_to_str(self.smallest_subnormal)
/home/diogo/miniforge3/envs/core_neuron/lib/python3.10/site-packages/numpy/_core/getlimits.py:558: UserWarning: The value of the smallest subnormal for <class 'numpy.float32'> type is zero.
  setattr(self, word, getattr(machar, word).flat[0])
/home/diogo/miniforge3/envs/core_neuron/lib/python3.10/site-packages/numpy/_core/getlimits.py:90: UserWarning: The value of the smallest subnormal for <class 'numpy.float32'> type is zero.
  return self._float_to_str(self.smallest_subnormal)
/home/diogo/miniforge3/envs/core_neuron/lib/python3.10/site-packages/numpy/_core/getlimits.py:558: UserWarning: The value of the smallest subnormal for <class 'numpy.float64'> type is zero.
  setattr(self, word, getattr(machar, word).flat[0])
/home/diogo/miniforge3/envs/core_neuron/lib/python3.10/site-packages/numpy/_core/getlimits.py:90: UserWarning: The value of the smallest subnormal for <class 'numpy.float64'> type is zero.
  return self._float_to_str(self.smallest_subnormal)
/home/diogo/miniforge3/envs/core_neuron/lib/python3.10/site-packages/numpy/_core/getlimits.py:558: UserWarning: The value of the smallest subnormal for <class 'numpy.float32'> type is zero.
  setattr(self, word, getattr(machar, word).flat[0])
/home/diogo/miniforge3/envs/core_neuron/lib/python3.10/site-packages/numpy/_core/getlimits.py:90: UserWarning: The value of the smallest subnormal for <class 'numpy.float32'> type is zero.
  return self._float_to_str(self.smallest_subnormal)
/home/diogo/miniforge3/envs/core_neuron/lib/python3.10/site-packages/numpy/_core/getlimits.py:558: UserWarning: The value of the smallest subnormal for <class 'numpy.float64'> type is zero.
  setattr(self, word, getattr(machar, word).flat[0])
/home/diogo/miniforge3/envs/core_neuron/lib/python3.10/site-packages/numpy/_core/getlimits.py:90: UserWarning: The value of the smallest subnormal for <class 'numpy.float64'> type is zero.
  return self._float_to_str(self.smallest_subnormal)


Creating network of 4 cell populations on 20 hosts...:   0%|          |[A

Creating network of 4 cell populations on 20 hosts...:  50%|#####     |[A
Creating network of 4 cell populations on 20 hosts...: 100%|##########|
  HL23PYR->HL23PYR:   0%|          | Creating synaptic connections for 0/800 postsynaptic cells on node 0 (probabilistic connectivity)  HL23PYR->HL23PYR:   0%|          | Creating synaptic connections for 1/800 postsynaptic cells on node 0 (probabilistic connectivity)  HL23PYR->HL23PYR:   1%|1         | Creating synaptic connections for 8/800 postsynaptic cells on node 0 (probabilistic connectivity)  HL23PYR->HL23PYR:   2%|2         | Creating synaptic connections for 16/800 postsynaptic cells on node 0 (probabilistic connectivity)  HL23PYR->HL23PYR:   3%|3         | Creating synaptic connections for 24/800 postsynaptic cells on node 0 (probabilistic connectivity)  HL23PYR->HL23PYR:   4%|3         | Creating synaptic connections for 31/800 postsynaptic cells on node 0 (probabilistic connectivity)  HL23PYR->HL23PYR:   5%|4         | Creating synaptic connections for 39/800 postsynaptic cells on node 0 (probabilistic connectivity)  HL23PYR->HL23PYR: 100%|##########| Creating synaptic connections for 800/800 postsynaptic cells on node 0 (probabilistic connectivity)
  HL23PYR->HL23SST:   0%|          | Creating synaptic connections for 0/50 postsynaptic cells on node 0 (probabilistic connectivity)  HL23PYR->HL23SST:   4%|4         | Creating synaptic connections for 2/50 postsynaptic cells on node 0 (probabilistic connectivity)  HL23PYR->HL23SST: 100%|##########| Creating synaptic connections for 50/50 postsynaptic cells on node 0 (probabilistic connectivity)
  HL23PYR->HL23PV:   0%|          | Creating synaptic connections for 0/70 postsynaptic cells on node 0 (probabilistic connectivity)  HL23PYR->HL23PV: 100%|##########| Creating synaptic connections for 70/70 postsynaptic cells on node 0 (probabilistic connectivity)
  HL23PYR->HL23VIP:   0%|          | Creating synaptic connections for 0/80 postsynaptic cells on node 0 (probabilistic connectivity)  HL23PYR->HL23VIP: 100%|##########| Creating synaptic connections for 80/80 postsynaptic cells on node 0 (probabilistic connectivity)
  HL23SST->HL23PYR:   0%|          | Creating synaptic connections for 0/800 postsynaptic cells on node 0 (probabilistic connectivity)  HL23SST->HL23PYR:   4%|4         | Creating synaptic connections for 36/800 postsynaptic cells on node 0 (probabilistic connectivity)  HL23SST->HL23PYR: 100%|##########| Creating synaptic connections for 800/800 postsynaptic cells on node 0 (probabilistic connectivity)
  HL23SST->HL23SST:   0%|          | Creating synaptic connections for 0/50 postsynaptic cells on node 0 (probabilistic connectivity)  HL23SST->HL23SST: 100%|##########| Creating synaptic connections for 50/50 postsynaptic cells on node 0 (probabilistic connectivity)
  HL23SST->HL23PV:   0%|          | Creating synaptic connections for 0/70 postsynaptic cells on node 0 (probabilistic connectivity)  HL23SST->HL23PV: 100%|##########| Creating synaptic connections for 70/70 postsynaptic cells on node 0 (probabilistic connectivity)
  HL23SST->HL23VIP:   0%|          | Creating synaptic connections for 0/80 postsynaptic cells on node 0 (probabilistic connectivity)  HL23SST->HL23VIP: 100%|##########| Creating synaptic connections for 80/80 postsynaptic cells on node 0 (probabilistic connectivity)
  HL23PV->HL23PYR:   0%|          | Creating synaptic connections for 0/800 postsynaptic cells on node 0 (probabilistic connectivity)  HL23PV->HL23PYR:   5%|4         | Creating synaptic connections for 37/800 postsynaptic cells on node 0 (probabilistic connectivity)  HL23PV->HL23PYR: 100%|##########| Creating synaptic connections for 800/800 postsynaptic cells on node 0 (probabilistic connectivity)
  HL23PV->HL23SST:   0%|          | Creating synaptic connections for 0/50 postsynaptic cells on node 0 (probabilistic connectivity)  HL23PV->HL23SST: 100%|##########| Creating synaptic connections for 50/50 postsynaptic cells on node 0 (probabilistic connectivity)
  HL23PV->HL23PV:   0%|          | Creating synaptic connections for 0/70 postsynaptic cells on node 0 (probabilistic connectivity)  HL23PV->HL23PV: 100%|##########| Creating synaptic connections for 70/70 postsynaptic cells on node 0 (probabilistic connectivity)
  HL23PV->HL23VIP:   0%|          | Creating synaptic connections for 0/80 postsynaptic cells on node 0 (probabilistic connectivity)  HL23PV->HL23VIP: 100%|##########| Creating synaptic connections for 80/80 postsynaptic cells on node 0 (probabilistic connectivity)
  HL23VIP->HL23SST:   0%|          | Creating synaptic connections for 0/50 postsynaptic cells on node 0 (probabilistic connectivity)  HL23VIP->HL23SST: 100%|##########| Creating synaptic connections for 50/50 postsynaptic cells on node 0 (probabilistic connectivity)
  HL23VIP->HL23PV:   0%|          | Creating synaptic connections for 0/70 postsynaptic cells on node 0 (probabilistic connectivity)  HL23VIP->HL23PV: 100%|##########| Creating synaptic connections for 70/70 postsynaptic cells on node 0 (probabilistic connectivity)
  HL23VIP->HL23VIP:   0%|          | Creating synaptic connections for 0/80 postsynaptic cells on node 0 (probabilistic connectivity)  HL23VIP->HL23VIP: 100%|##########| Creating synaptic connections for 80/80 postsynaptic cells on node 0 (probabilistic connectivity)
 
 Duke, Yale, and the BlueBrain Project -- Copyright 1984-2020
 Version : 9.0.1 b12a541 (2025-11-14 17:57:06 +0100)
 
 Additional mechanisms from files
 CaDynamics.mod Ca_HVA.mod Ca_LVA.mod Gfluct.mod Ih.mod Im.mod K_P.mod K_T.mod Kv3_1.mod NMDA.mod NaTg.mod Nap.mod ProbAMPANMDA.mod ProbUDFsyn.mod SK.mod epsp.mod exp2syn.mod expsyn.mod hh.mod netstim.mod passive.mod pattern.mod stim.mod svclmp.mod tonic.mod

WARNING: CVode.event(...) for delivery at time step nearest 499.994 discarded. CoreNEURON cannot presently handle interpreter events (rank 0, thread 0).
Traceback (most recent call last):
  File "init.py", line 360, in <module>
    sim.allSimData['LFP'] = lfp
AttributeError: module 'netpyne.sim' has no attribute 'allSimData'. Did you mean: 'loadSimData'?
Traceback (most recent call last):
  File "init.py", line 360, in <module>
    sim.allSimData['LFP'] = lfp
AttributeError: module 'netpyne.sim' has no attribute 'allSimData'. Did you mean: 'loadSimData'?
Traceback (most recent call last):
  File "init.py", line 360, in <module>
    sim.allSimData['LFP'] = lfp
AttributeError: module 'netpyne.sim' has no attribute 'allSimData'. Did you mean: 'loadSimData'?
Traceback (most recent call last):
  File "init.py", line 360, in <module>
    sim.allSimData['LFP'] = lfp
AttributeError: module 'netpyne.sim' has no attribute 'allSimData'. Did you mean: 'loadSimData'?
Traceback (most recent call last):
  File "init.py", line 360, in <module>
    sim.allSimData['LFP'] = lfp
AttributeError: module 'netpyne.sim' has no attribute 'allSimData'. Did you mean: 'loadSimData'?
Traceback (most recent call last):
  File "init.py", line 360, in <module>
    sim.allSimData['LFP'] = lfp
AttributeError: module 'netpyne.sim' has no attribute 'allSimData'. Did you mean: 'loadSimData'?
Traceback (most recent call last):
  File "init.py", line 360, in <module>
    sim.allSimData['LFP'] = lfp
AttributeError: module 'netpyne.sim' has no attribute 'allSimData'. Did you mean: 'loadSimData'?
Traceback (most recent call last):
  File "init.py", line 360, in <module>
    sim.allSimData['LFP'] = lfp
AttributeError: module 'netpyne.sim' has no attribute 'allSimData'. Did you mean: 'loadSimData'?
Traceback (most recent call last):
  File "init.py", line 360, in <module>
    sim.allSimData['LFP'] = lfp
AttributeError: module 'netpyne.sim' has no attribute 'allSimData'. Did you mean: 'loadSimData'?
Traceback (most recent call last):
  File "init.py", line 360, in <module>
    sim.allSimData['LFP'] = lfp
AttributeError: module 'netpyne.sim' has no attribute 'allSimData'. Did you mean: 'loadSimData'?
Traceback (most recent call last):
  File "init.py", line 360, in <module>
    sim.allSimData['LFP'] = lfp
AttributeError: module 'netpyne.sim' has no attribute 'allSimData'. Did you mean: 'loadSimData'?
Traceback (most recent call last):
  File "init.py", line 360, in <module>
    sim.allSimData['LFP'] = lfp
AttributeError: module 'netpyne.sim' has no attribute 'allSimData'. Did you mean: 'loadSimData'?
Traceback (most recent call last):
  File "init.py", line 360, in <module>
    sim.allSimData['LFP'] = lfp
AttributeError: module 'netpyne.sim' has no attribute 'allSimData'. Did you mean: 'loadSimData'?
Traceback (most recent call last):
  File "init.py", line 360, in <module>
    sim.allSimData['LFP'] = lfp
AttributeError: module 'netpyne.sim' has no attribute 'allSimData'. Did you mean: 'loadSimData'?
Traceback (most recent call last):
  File "init.py", line 360, in <module>
    sim.allSimData['LFP'] = lfp
AttributeError: module 'netpyne.sim' has no attribute 'allSimData'. Did you mean: 'loadSimData'?
Traceback (most recent call last):
  File "init.py", line 360, in <module>
    sim.allSimData['LFP'] = lfp
AttributeError: module 'netpyne.sim' has no attribute 'allSimData'. Did you mean: 'loadSimData'?
Traceback (most recent call last):
  File "init.py", line 360, in <module>
    sim.allSimData['LFP'] = lfp
AttributeError: module 'netpyne.sim' has no attribute 'allSimData'. Did you mean: 'loadSimData'?
Traceback (most recent call last):
  File "init.py", line 360, in <module>
    sim.allSimData['LFP'] = lfp
AttributeError: module 'netpyne.sim' has no attribute 'allSimData'. Did you mean: 'loadSimData'?
Traceback (most recent call last):
  File "init.py", line 360, in <module>
    sim.allSimData['LFP'] = lfp
AttributeError: module 'netpyne.sim' has no attribute 'allSimData'. Did you mean: 'loadSimData'?
--------------------------------------------------------------------------
prterun detected that one or more processes exited with non-zero status,
thus causing the job to be terminated. The first process to do so was:

   Process name: [prterun-Diogo-4001210@1,6]
   Exit code:    1
--------------------------------------------------------------------------
